.......................................................................  [100%]
71 passed, 1 skipped in 4.31s
